// Jest Snapshot v1, https://goo.gl/fbAQLP

exports[`DynamicForm with correct props matches snapshot 1`] = `
Object {
  "asFragment": [Function],
  "baseElement": <body>
    <div>
      <div
        class="d-grid gap-1"
      >
        <div
          class="card border-light"
          role="component-node"
        >
          <div
            class="card-body p-1 d-grid gap-1"
          >
            <div
              class="input-group flex-nowrap input-group-md"
            >
              <span
                class="input-group-text"
                role="role-label-texty"
              >
                String Form
              </span>
              <input
                class="form-control form-control-md"
                role="role-input-string"
                type="text"
                value=""
              />
            </div>
          </div>
        </div>
        <button
          class="btn btn-success mx-1 w-auto "
          role="input-dynamic-submit"
        >
          Submit
        </button>
      </div>
    </div>
  </body>,
  "container": <div>
    <div
      class="d-grid gap-1"
    >
      <div
        class="card border-light"
        role="component-node"
      >
        <div
          class="card-body p-1 d-grid gap-1"
        >
          <div
            class="input-group flex-nowrap input-group-md"
          >
            <span
              class="input-group-text"
              role="role-label-texty"
            >
              String Form
            </span>
            <input
              class="form-control form-control-md"
              role="role-input-string"
              type="text"
              value=""
            />
          </div>
        </div>
      </div>
      <button
        class="btn btn-success mx-1 w-auto "
        role="input-dynamic-submit"
      >
        Submit
      </button>
    </div>
  </div>,
  "debug": [Function],
  "findAllByAltText": [Function],
  "findAllByDisplayValue": [Function],
  "findAllByLabelText": [Function],
  "findAllByPlaceholderText": [Function],
  "findAllByRole": [Function],
  "findAllByTestId": [Function],
  "findAllByText": [Function],
  "findAllByTitle": [Function],
  "findByAltText": [Function],
  "findByDisplayValue": [Function],
  "findByLabelText": [Function],
  "findByPlaceholderText": [Function],
  "findByRole": [Function],
  "findByTestId": [Function],
  "findByText": [Function],
  "findByTitle": [Function],
  "getAllByAltText": [Function],
  "getAllByDisplayValue": [Function],
  "getAllByLabelText": [Function],
  "getAllByPlaceholderText": [Function],
  "getAllByRole": [Function],
  "getAllByTestId": [Function],
  "getAllByText": [Function],
  "getAllByTitle": [Function],
  "getByAltText": [Function],
  "getByDisplayValue": [Function],
  "getByLabelText": [Function],
  "getByPlaceholderText": [Function],
  "getByRole": [Function],
  "getByTestId": [Function],
  "getByText": [Function],
  "getByTitle": [Function],
  "queryAllByAltText": [Function],
  "queryAllByDisplayValue": [Function],
  "queryAllByLabelText": [Function],
  "queryAllByPlaceholderText": [Function],
  "queryAllByRole": [Function],
  "queryAllByTestId": [Function],
  "queryAllByText": [Function],
  "queryAllByTitle": [Function],
  "queryByAltText": [Function],
  "queryByDisplayValue": [Function],
  "queryByLabelText": [Function],
  "queryByPlaceholderText": [Function],
  "queryByRole": [Function],
  "queryByTestId": [Function],
  "queryByText": [Function],
  "queryByTitle": [Function],
  "rerender": [Function],
  "unmount": [Function],
}
`;
